Java HotSpot(TM) 64-Bit Server VM (25.271-b09) for windows-amd64 JRE (1.8.0_271-b09), built on Sep 16 2020 19:14:59 by "" with MS VC++ 15.9 (VS2017)
Memory: 4k page, physical 16647984k(7152332k free), swap 31852336k(12798560k free)
CommandLine flags: -XX:-BytecodeVerificationLocal -XX:-BytecodeVerificationRemote -XX:InitialHeapSize=266367744 -XX:+ManagementServer -XX:MaxHeapSize=524288000 -XX:+PrintGC -XX:+PrintGCDetails -XX:+PrintGCTimeStamps -XX:TieredStopAtLevel=1 -XX:+UseCompressedClassPointers -XX:+UseCompressedOops -XX:-UseLargePagesIndividualAllocation -XX:+UseParallelGC 
0.885: [GC (Allocation Failure) [PSYoungGen: 65536K->7401K(76288K)] 65536K->7417K(251392K), 0.0050631 secs] [Times: user=0.00 sys=0.00, real=0.01 secs] 
1.164: [GC (Allocation Failure) [PSYoungGen: 72937K->9661K(76288K)] 72953K->9749K(251392K), 0.0050418 secs] [Times: user=0.00 sys=0.00, real=0.00 secs] 
1.251: [GC (Metadata GC Threshold) [PSYoungGen: 29542K->7036K(76288K)] 29630K->7132K(251392K), 0.0032406 secs] [Times: user=0.11 sys=0.00, real=0.00 secs] 
1.254: [Full GC (Metadata GC Threshold) [PSYoungGen: 7036K->0K(76288K)] [ParOldGen: 96K->6847K(98816K)] 7132K->6847K(175104K), [Metaspace: 20517K->20515K(1067008K)], 0.0165698 secs] [Times: user=0.16 sys=0.00, real=0.02 secs] 
1.855: [GC (Allocation Failure) [PSYoungGen: 65536K->5802K(108544K)] 72383K->12658K(207360K), 0.0034601 secs] [Times: user=0.00 sys=0.00, real=0.00 secs] 
2.337: [GC (Allocation Failure) [PSYoungGen: 108202K->10290K(137216K)] 115058K->17154K(236032K), 0.0049886 secs] [Times: user=0.00 sys=0.00, real=0.00 secs] 
2.822: [GC (Allocation Failure) [PSYoungGen: 136754K->11757K(151552K)] 143618K->21753K(250368K), 0.0061020 secs] [Times: user=0.00 sys=0.00, real=0.01 secs] 
3.242: [GC (Metadata GC Threshold) [PSYoungGen: 70034K->14418K(154624K)] 80031K->24423K(253440K), 0.0059309 secs] [Times: user=0.00 sys=0.00, real=0.01 secs] 
3.248: [Full GC (Metadata GC Threshold) [PSYoungGen: 14418K->0K(154624K)] [ParOldGen: 10004K->19788K(160768K)] 24423K->19788K(315392K), [Metaspace: 34063K->34063K(1079296K)], 0.0332702 secs] [Times: user=0.17 sys=0.00, real=0.03 secs] 
4.379: [GC (Allocation Failure) [PSYoungGen: 139776K->9463K(153600K)] 159564K->29259K(314368K), 0.0053684 secs] [Times: user=0.00 sys=0.00, real=0.00 secs] 
5.218: [GC (Allocation Failure) [PSYoungGen: 147191K->10561K(154112K)] 166987K->30365K(314880K), 0.0045623 secs] [Times: user=0.16 sys=0.00, real=0.00 secs] 
5.978: [GC (Allocation Failure) [PSYoungGen: 148289K->12683K(153600K)] 168093K->32495K(314368K), 0.0051932 secs] [Times: user=0.00 sys=0.00, real=0.01 secs] 
6.836: [GC (Allocation Failure) [PSYoungGen: 150411K->15408K(153600K)] 170223K->35228K(314368K), 0.0060477 secs] [Times: user=0.00 sys=0.00, real=0.01 secs] 
7.617: [GC (Allocation Failure) [PSYoungGen: 153136K->16885K(145408K)] 172956K->41912K(306176K), 0.0103772 secs] [Times: user=0.00 sys=0.02, real=0.01 secs] 
8.103: [GC (Allocation Failure) [PSYoungGen: 145397K->20990K(149504K)] 170424K->46984K(310272K), 0.0075931 secs] [Times: user=0.00 sys=0.00, real=0.01 secs] 
8.777: [GC (Allocation Failure) [PSYoungGen: 149502K->20965K(137216K)] 175496K->50053K(297984K), 0.0091417 secs] [Times: user=0.13 sys=0.02, real=0.01 secs] 
8.802: [GC (Metadata GC Threshold) [PSYoungGen: 23839K->15664K(143360K)] 52927K->50261K(304128K), 0.0077239 secs] [Times: user=0.00 sys=0.00, real=0.01 secs] 
8.810: [Full GC (Metadata GC Threshold) [PSYoungGen: 15664K->0K(143360K)] [ParOldGen: 34597K->39889K(198144K)] 50261K->39889K(341504K), [Metaspace: 56407K->56407K(1099776K)], 0.1470619 secs] [Times: user=0.48 sys=0.00, real=0.15 secs] 
9.496: [GC (Allocation Failure) [PSYoungGen: 116224K->3411K(142848K)] 156113K->43308K(340992K), 0.0026419 secs] [Times: user=0.00 sys=0.00, real=0.00 secs] 
14.894: [GC (Allocation Failure) [PSYoungGen: 119635K->7674K(143360K)] 159532K->47580K(341504K), 0.0041676 secs] [Times: user=0.00 sys=0.00, real=0.00 secs] 
399.271: [GC (Allocation Failure) [PSYoungGen: 123898K->11014K(141312K)] 163804K->50928K(339456K), 0.0061676 secs] [Times: user=0.00 sys=0.00, real=0.01 secs] 
1081.356: [GC (Allocation Failure) [PSYoungGen: 127750K->6624K(142336K)] 167664K->50962K(340480K), 0.0061190 secs] [Times: user=0.02 sys=0.00, real=0.01 secs] 
1770.052: [GC (Allocation Failure) [PSYoungGen: 123360K->2528K(144384K)] 167698K->51179K(342528K), 0.0040863 secs] [Times: user=0.00 sys=0.00, real=0.00 secs] 
2354.702: [GC (Allocation Failure) [PSYoungGen: 121824K->5392K(144896K)] 170475K->54435K(343040K), 0.0043684 secs] [Times: user=0.00 sys=0.00, real=0.00 secs] 
3065.359: [GC (Allocation Failure) [PSYoungGen: 124688K->6096K(142848K)] 173731K->55147K(340992K), 0.0041928 secs] [Times: user=0.14 sys=0.02, real=0.00 secs] 
3651.880: [GC (Allocation Failure) [PSYoungGen: 125904K->8720K(126464K)] 174955K->57780K(324608K), 0.0040004 secs] [Times: user=0.00 sys=0.00, real=0.00 secs] 
4357.923: [GC (Allocation Failure) [PSYoungGen: 125968K->8992K(134144K)] 175028K->58059K(332288K), 0.0057239 secs] [Times: user=0.00 sys=0.00, real=0.01 secs] 
9253.109: [GC (Allocation Failure) [PSYoungGen: 124192K->9878K(123392K)] 173259K->58954K(321536K), 0.0050729 secs] [Times: user=0.06 sys=0.00, real=0.01 secs] 
9728.882: [GC (Allocation Failure) [PSYoungGen: 123030K->11056K(128000K)] 172106K->60139K(326144K), 0.0081134 secs] [Times: user=0.00 sys=0.00, real=0.01 secs] 
10249.692: [GC (Allocation Failure) [PSYoungGen: 122160K->7552K(116736K)] 171243K->56635K(314880K), 0.0050595 secs] [Times: user=0.00 sys=0.00, real=0.00 secs] 
10871.215: [GC (Allocation Failure) [PSYoungGen: 116608K->7072K(123392K)] 165691K->56163K(321536K), 0.0059903 secs] [Times: user=0.02 sys=0.00, real=0.01 secs] 
11386.471: [GC (Allocation Failure) [PSYoungGen: 114080K->9200K(114176K)] 163171K->58300K(312320K), 0.0041119 secs] [Times: user=0.00 sys=0.00, real=0.00 secs] 
12012.391: [GC (Allocation Failure) [PSYoungGen: 114158K->9344K(117760K)] 163257K->58452K(315904K), 0.0066678 secs] [Times: user=0.00 sys=0.00, real=0.01 secs] 
12633.040: [GC (Allocation Failure) [PSYoungGen: 112256K->6720K(108032K)] 161364K->55835K(306176K), 0.0048956 secs] [Times: user=0.00 sys=0.00, real=0.01 secs] 
13113.537: [GC (Allocation Failure) [PSYoungGen: 107584K->9040K(113664K)] 156699K->58164K(311808K), 0.0041088 secs] [Times: user=0.00 sys=0.00, real=0.00 secs] 
13714.097: [GC (Allocation Failure) [PSYoungGen: 108367K->9264K(107520K)] 157490K->58396K(305664K), 0.0056943 secs] [Times: user=0.00 sys=0.00, real=0.01 secs] 
14304.022: [GC (Allocation Failure) [PSYoungGen: 107056K->6240K(110080K)] 156188K->55379K(308224K), 0.0039008 secs] [Times: user=0.00 sys=0.00, real=0.00 secs] 
14755.015: [GC (Allocation Failure) [PSYoungGen: 102496K->9168K(103936K)] 151635K->58316K(302080K), 0.0044822 secs] [Times: user=0.16 sys=0.00, real=0.00 secs] 
15324.834: [GC (Allocation Failure) [PSYoungGen: 103888K->8432K(105472K)] 153036K->58020K(303616K), 0.0043606 secs] [Times: user=0.00 sys=0.00, real=0.01 secs] 
15886.314: [GC (Allocation Failure) [PSYoungGen: 101616K->6192K(98304K)] 151204K->55803K(296448K), 0.0037542 secs] [Times: user=0.00 sys=0.00, real=0.00 secs] 
16309.882: [GC (Allocation Failure) [PSYoungGen: 97840K->8208K(101888K)] 147451K->57884K(300032K), 0.0036642 secs] [Times: user=0.00 sys=0.00, real=0.00 secs] 
16847.276: [GC (Allocation Failure) [PSYoungGen: 98320K->8704K(97792K)] 147996K->58436K(295936K), 0.0053446 secs] [Times: user=0.00 sys=0.00, real=0.01 secs] 
17378.068: [GC (Allocation Failure) [PSYoungGen: 97276K->5456K(98816K)] 147008K->55435K(296960K), 0.0035635 secs] [Times: user=0.00 sys=0.00, real=0.00 secs] 
17904.308: [GC (Allocation Failure) [PSYoungGen: 92496K->5728K(91648K)] 142475K->55755K(289792K), 0.0036022 secs] [Times: user=0.00 sys=0.00, real=0.00 secs] 
18297.347: [GC (Allocation Failure) [PSYoungGen: 91232K->8112K(95744K)] 141259K->58148K(293888K), 0.0036878 secs] [Times: user=0.00 sys=0.00, real=0.00 secs] 
18803.321: [GC (Allocation Failure) [PSYoungGen: 92592K->8368K(92160K)] 142628K->58476K(290304K), 0.0040494 secs] [Times: user=0.00 sys=0.00, real=0.00 secs] 
19308.910: [GC (Allocation Failure) [PSYoungGen: 91824K->5360K(94208K)] 141932K->55539K(292352K), 0.0030512 secs] [Times: user=0.00 sys=0.00, real=0.00 secs] 
19785.189: [GC (Allocation Failure) [PSYoungGen: 87792K->6128K(87552K)] 137971K->56339K(285696K), 0.0039909 secs] [Times: user=0.00 sys=0.00, real=0.00 secs] 
20180.327: [GC (Allocation Failure) [PSYoungGen: 87536K->7984K(91648K)] 137747K->58212K(289792K), 0.0037594 secs] [Times: user=0.00 sys=0.00, real=0.00 secs] 
20668.325: [GC (Allocation Failure) [PSYoungGen: 88368K->7312K(87040K)] 138596K->57611K(285184K), 0.0045989 secs] [Times: user=0.02 sys=0.00, real=0.01 secs] 
21148.101: [GC (Allocation Failure) [PSYoungGen: 86672K->5264K(89088K)] 136971K->55571K(287232K), 0.0037753 secs] [Times: user=0.00 sys=0.00, real=0.00 secs] 
21578.800: [GC (Allocation Failure) [PSYoungGen: 83600K->6112K(83456K)] 133907K->56459K(281600K), 0.0031001 secs] [Times: user=0.00 sys=0.00, real=0.00 secs] 
21965.905: [GC (Allocation Failure) [PSYoungGen: 83424K->8208K(86016K)] 133771K->58628K(284160K), 0.0050160 secs] [Times: user=0.13 sys=0.03, real=0.01 secs] 
22432.414: [GC (Allocation Failure) [PSYoungGen: 84496K->6912K(82432K)] 134916K->57347K(280576K), 0.0043435 secs] [Times: user=0.00 sys=0.00, real=0.00 secs] 
22888.072: [GC (Allocation Failure) [PSYoungGen: 82176K->5504K(84480K)] 132611K->55963K(282624K), 0.0030577 secs] [Times: user=0.00 sys=0.00, real=0.00 secs] 
23313.524: [GC (Allocation Failure) [PSYoungGen: 79744K->5744K(79360K)] 130203K->56275K(277504K), 0.0034320 secs] [Times: user=0.00 sys=0.00, real=0.00 secs] 
23654.318: [GC (Allocation Failure) [PSYoungGen: 78960K->8144K(82944K)] 129491K->58692K(281088K), 0.0036688 secs] [Times: user=0.00 sys=0.00, real=0.00 secs] 
108266.423: [GC (Allocation Failure) [PSYoungGen: 80336K->9601K(80896K)] 130884K->60164K(279040K), 0.0052537 secs] [Times: user=0.00 sys=0.00, real=0.01 secs] 
108528.784: [GC (Allocation Failure) [PSYoungGen: 80769K->9200K(80896K)] 131332K->59804K(279040K), 0.0049708 secs] [Times: user=0.00 sys=0.00, real=0.01 secs] 
108788.968: [GC (Allocation Failure) [PSYoungGen: 79344K->6672K(76288K)] 129948K->57323K(274432K), 0.0037304 secs] [Times: user=0.00 sys=0.00, real=0.00 secs] 
108997.566: [GC (Allocation Failure) [PSYoungGen: 75792K->7331K(77824K)] 126443K->57998K(275968K), 0.0040685 secs] [Times: user=0.00 sys=0.00, real=0.00 secs] 
109247.859: [GC (Allocation Failure) [PSYoungGen: 75427K->7488K(74752K)] 126094K->58163K(272896K), 0.0040177 secs] [Times: user=0.00 sys=0.00, real=0.00 secs] 
109493.971: [GC (Allocation Failure) [PSYoungGen: 74560K->7136K(76800K)] 125235K->57859K(274944K), 0.0035818 secs] [Times: user=0.00 sys=0.00, real=0.00 secs] 
